// Jest Snapshot v1, https://goo.gl/fbAQLP

exports[`Avatar matches snapshot 1`] = `
<div>
  <div
    class="avatar"
    data-testid="avatar"
  >
    <svg
      class="lucide lucide-user"
      fill="none"
      height="32"
      stroke="currentColor"
      stroke-linecap="round"
      stroke-linejoin="round"
      stroke-width="2"
      viewBox="0 0 24 24"
      width="32"
      xmlns="http://www.w3.org/2000/svg"
    >
      <path
        d="M19 21v-2a4 4 0 0 0-4-4H9a4 4 0 0 0-4 4v2"
      />
      <circle
        cx="12"
        cy="7"
        r="4"
      />
    </svg>
  </div>
</div>
`;

exports[`Avatar should match snapshot 1`] = `
<div>
  <div
    class="avatar"
    data-testid="avatar"
  >
    <svg
      class="lucide lucide-user"
      fill="none"
      height="32"
      stroke="currentColor"
      stroke-linecap="round"
      stroke-linejoin="round"
      stroke-width="2"
      viewBox="0 0 24 24"
      width="32"
      xmlns="http://www.w3.org/2000/svg"
    >
      <path
        d="M19 21v-2a4 4 0 0 0-4-4H9a4 4 0 0 0-4 4v2"
      />
      <circle
        cx="12"
        cy="7"
        r="4"
      />
    </svg>
  </div>
</div>
`;
